Traceback (most recent call last):
  File "/home/albert/.local/bin/pytest", line 4, in <module>
    from pytest import console_main
ModuleNotFoundError: No module named 'pytest'
